(all u_2 (type) (fun (fun (all a_0 (type) (fun a_0 a_0)) u_2) (fun (fun (all a_1 (type) (fun a_1 a_1)) u_2) u_2)))