(all u_1 (type) (fun (fun (all a_0 (type) (fun a_0 a_0)) u_1) (fun u_1 u_1)))